2026-02-19 20:44:22 UTC
Windows-11-10.0.22631-SP0
Ren'Py 8.5.2.26010301

Early init took 46 ms
Loading error handling took 18 ms
Loading script took 184 ms
Loading save slot metadata took 15 ms
Loading persistent took 0 ms
Running init code took 32 ms
Loading analysis data took 3 ms
Analyze and compile ATL took 0 ms
Reloading save slot metadata took 3 ms
Backing up script files to 'C:\\Users\\Администратор\\AppData\\Roaming/RenPy/backups\\sloomp':
Dump and make backups took 52 ms
Cleaning cache took 0 ms
Making clean stores took 0 ms
Initial gc took 35 ms
DPI scale factor: 1.000000
nvdrs: Loaded, about to disable thread optimizations.
nvdrs: b"Couldn't load nvlib." (can be ignored)
Creating interface object took 2 ms
Init translation took 0 ms
Cleaning stores took 0 ms
Load screen analysis took 0 ms
Analyze screens took 8 ms
Save screen analysis took 10 ms
Save pyanalysis took 0 ms
Save bytecode took 0 ms
Running _start took 1 ms
Interface start took 167 ms

Initializing gl2 renderer:
primary display bounds: (0, 0, 1920, 1080)
swap interval: 1 frames
Windowed mode.
Vendor: 'ATI Technologies Inc.'
Renderer: 'AMD Radeon RX 6700 XT'
Version: '4.6.0 Compatibility Profile Context 24.5.1.240502'
Display Info: <Info({'bitsize': 32, 'bytesize': 4, 'masks': (16711680, 65280, 255, 0), 'shifts': (16, 8, 0, 0), 'losses': (0, 0, 0, 8), 'current_w': 1920, 'current_h': 1080, 'refresh_rate': 60, 'hw': False, 'wm': True, 'video_mem': 268435456, 'blit_hw': False, 'blit_hw_CC': False, 'blit_hw_A': False, 'blit_sw': False, 'blit_sw_CC': False, 'blit_sw_A': False})>
Screen sizes: virtual=(1920, 1080) physical=(1739, 978) drawable=(1739, 978)
Maximum texture size: 4096x4096

Full traceback:
  File "renpy/main.py", line 591, in main
    run(restart)
    ~~~^^^^^^^^^
  File "renpy/main.py", line 137, in run
    renpy.execution.run_context(True)
    ~~~~~~~~~~~~~~~~~~~~~~~~~~~^^^^^^
  File "renpy/execution.py", line 1036, in run_context
    context.run()
    ~~~~~~~~~~~^^
  File "renpy/common/00start.rpy", line 297, in script
    python:
  File "renpy/ast.py", line 1187, in execute
    renpy.python.py_exec_bytecode(self.code.bytecode, self.hide, store=self.store)
    ~~~~~~~~~~~~~~~~~~~~~~~~~~~~~^^^^^^^^^^^^^^^^^^^^^^^^^^^^^^^^^^^^^^^^^^^^^^^^^
  File "renpy/python.py", line 1273, in py_exec_bytecode
    exec(bytecode, globals, locals)
    ~~~~^^^^^^^^^^^^^^^^^^^^^^^^^^^
  File "renpy/common/00start.rpy", line 301, in <module>
    renpy.call_in_new_context("_main_menu")
    ~~~~~~~~~~~~~~~~~~~~~~~~~^^^^^^^^^^^^^^
  File "renpy/game.py", line 346, in call_in_new_context
    return renpy.execution.run_context(False)
           ~~~~~~~~~~~~~~~~~~~~~~~~~~~^^^^^^^
  File "renpy/execution.py", line 1036, in run_context
    context.run()
    ~~~~~~~~~~~^^
  File "game/script.rpy", line 333, in script
    call screen choose_upgrade
  File "renpy/ast.py", line 2241, in execute
    self.call("execute")
    ~~~~~~~~~^^^^^^^^^^^
  File "renpy/ast.py", line 2195, in call
    return renpy.statements.call(method, parsed, *args, **kwargs)
           ~~~~~~~~~~~~~~~~~~~~~^^^^^^^^^^^^^^^^^^^^^^^^^^^^^^^^^
  File "renpy/statements.py", line 381, in call
    return method(parsed, *args, **kwargs)
           ~~~~~~^^^^^^^^^^^^^^^^^^^^^^^^^
  File "renpy/common/000statements.rpy", line 695, in execute_call_screen
    store._return = renpy.call_screen(name, *args, **kwargs)
                    ~~~~~~~~~~~~~~~~~^^^^^^^^^^^^^^^^^^^^^^^
  File "renpy/exports/statementexports.py", line 348, in call_screen
    rv = renpy.ui.interact(mouse="screen", type="screen", roll_forward=roll_forward)
         ~~~~~~~~~~~~~~~~~^^^^^^^^^^^^^^^^^^^^^^^^^^^^^^^^^^^^^^^^^^^^^^^^^^^^^^^^^^
  File "renpy/ui.py", line 306, in interact
    rv = renpy.game.interface.interact(roll_forward=roll_forward, **kwargs)
         ~~~~~~~~~~~~~~~~~~~~~~~~~~~~~^^^^^^^^^^^^^^^^^^^^^^^^^^^^^^^^^^^^^
  File "renpy/display/core.py", line 2154, in interact
    repeat, rv = self.interact_core(
                 ~~~~~~~~~~~~~~~~~~^
        preloads=preloads,
        ^^^^^^^^^^^^^^^^^^
    ...<4 lines>...
        **kwargs,
        ^^^^^^^^^
    )
    ^
  File "renpy/display/core.py", line 3081, in interact_core
    self.quit_event()
    ~~~~~~~~~~~~~~~^^
  File "renpy/display/core.py", line 1712, in quit_event
    renpy.display.behavior.run(renpy.config.quit_action)
    ~~~~~~~~~~~~~~~~~~~~~~~~~~^^^^^^^^^^^^^^^^^^^^^^^^^^
  File "renpy/display/behavior.py", line 411, in run
    return action(*args, **kwargs)
           ~~~~~~^^^^^^^^^^^^^^^^^
  File "renpy/common/00action_menu.rpy", line 274, in __call__
    renpy.quit(save=True)
    ~~~~~~~~~~^^^^^^^^^^^
  File "renpy/exports/restartexports.py", line 135, in quit
    raise renpy.game.QuitException(relaunch=relaunch, status=status)
renpy.game.QuitException

During handling of the above exception, another exception occurred:

Traceback (most recent call last):
  File "renpy/bootstrap.py", line 401, in bootstrap
    renpy.main.main()
    ~~~~~~~~~~~~~~~^^
  File "renpy/main.py", line 603, in main
    renpy.persistent.update(True)
    ~~~~~~~~~~~~~~~~~~~~~~~^^^^^^
  File "renpy/persistent.py", line 435, in update
    need_save = find_changes()
                ~~~~~~~~~~~~^^
  File "renpy/persistent.py", line 211, in find_changes
    backup[f] = safe_deepcopy(new, f)
                ~~~~~~~~~~~~~^^^^^^^^
  File "renpy/persistent.py", line 171, in safe_deepcopy
    raise Exception("To be persisted, %r must support equality comparison." % o)
Exception: To be persisted, [<store.Sloomp object at 0x000000000437f5c0>] must support equality comparison.

While loading <renpy.display.im.Image object ('images/gui/choose_bg.png') at 0x0000000008d75880>:
  File "game/script.rpy", line 333, in script
    call screen choose_upgrade
renpy.game.QuitException

During handling of the above exception, another exception occurred:

Exception: To be persisted, [<store.Sloomp object at 0x000000000437f5c0>] must support equality comparison.
